// Jest Snapshot v1, https://goo.gl/fbAQLP

exports[`Details.jsx should should display form correctly 1`] = `
Object {
  "asFragment": [Function],
  "baseElement": <body>
    <div>
      <ul>
        <div>
          <li
            class="columns box"
          >
            <div
              class="column is-10"
            >
              <h4
                class="title is-5"
              >
                kamsi
              </h4>
              <p>
                passion, software, engineering, technology, worksfair
              </p>
            </div>
            <div
              class="column is-2"
            >
              <button
                class="button is-white"
              >
                <i
                  class="fa fa-edit is-size-5 has-text-grey"
                />
              </button>
              <button
                class="button is-white"
              >
                <i
                  class="fa fa-trash-o is-size-5 has-text-danger"
                />
              </button>
            </div>
          </li>
          <div
            class="modal null"
          >
            <div
              class="modal-background"
            />
            <div
              class="modal-content"
            >
              <article
                class="modal-card is-medium"
              >
                <div
                  class="modal-card-head "
                >
                  <p
                    class="modal-card-title"
                  >
                    Deleting 
                    <b>
                      kamsi
                    </b>
                    ...
                  </p>
                  <button
                    aria-label="close"
                    class="delete is-medium"
                  />
                </div>
                <div
                  class="modal-card-body"
                >
                  <p>
                    Are you sure you want to delete this content?
                  </p>
                </div>
                <div
                  class="modal-card-foot"
                >
                  <button
                    class="button is-danger"
                    data-testid="delete-confirm"
                  >
                    Yes, delete "
                    <i>
                      kamsi
                    </i>
                    "
                  </button>
                  <button
                    class="button"
                  >
                    Cancel
                  </button>
                </div>
              </article>
            </div>
            <button
              aria-label="close"
              class="modal-close is-large"
            />
          </div>
        </div>
        <div>
          <li
            class="columns box"
          >
            <div
              class="column is-10"
            >
              <h4
                class="title is-5"
              >
                Sissy
              </h4>
              <p>
                passion, software, engineering, technology, worksfair
              </p>
            </div>
            <div
              class="column is-2"
            >
              <button
                class="button is-white"
              >
                <i
                  class="fa fa-edit is-size-5 has-text-grey"
                />
              </button>
              <button
                class="button is-white"
              >
                <i
                  class="fa fa-trash-o is-size-5 has-text-danger"
                />
              </button>
            </div>
          </li>
          <div
            class="modal null"
          >
            <div
              class="modal-background"
            />
            <div
              class="modal-content"
            >
              <article
                class="modal-card is-medium"
              >
                <div
                  class="modal-card-head "
                >
                  <p
                    class="modal-card-title"
                  >
                    Deleting 
                    <b>
                      Sissy
                    </b>
                    ...
                  </p>
                  <button
                    aria-label="close"
                    class="delete is-medium"
                  />
                </div>
                <div
                  class="modal-card-body"
                >
                  <p>
                    Are you sure you want to delete this content?
                  </p>
                </div>
                <div
                  class="modal-card-foot"
                >
                  <button
                    class="button is-danger"
                    data-testid="delete-confirm"
                  >
                    Yes, delete "
                    <i>
                      Sissy
                    </i>
                    "
                  </button>
                  <button
                    class="button"
                  >
                    Cancel
                  </button>
                </div>
              </article>
            </div>
            <button
              aria-label="close"
              class="modal-close is-large"
            />
          </div>
        </div>
        <div>
          <li
            class="columns box"
          >
            <div
              class="column is-10"
            >
              <h4
                class="title is-5"
              >
                Atty
              </h4>
              <p>
                worksfair will pay for you
              </p>
            </div>
            <div
              class="column is-2"
            >
              <button
                class="button is-white"
              >
                <i
                  class="fa fa-edit is-size-5 has-text-grey"
                />
              </button>
              <button
                class="button is-white"
              >
                <i
                  class="fa fa-trash-o is-size-5 has-text-danger"
                />
              </button>
            </div>
          </li>
          <div
            class="modal null"
          >
            <div
              class="modal-background"
            />
            <div
              class="modal-content"
            >
              <article
                class="modal-card is-medium"
              >
                <div
                  class="modal-card-head "
                >
                  <p
                    class="modal-card-title"
                  >
                    Deleting 
                    <b>
                      Atty
                    </b>
                    ...
                  </p>
                  <button
                    aria-label="close"
                    class="delete is-medium"
                  />
                </div>
                <div
                  class="modal-card-body"
                >
                  <p>
                    Are you sure you want to delete this content?
                  </p>
                </div>
                <div
                  class="modal-card-foot"
                >
                  <button
                    class="button is-danger"
                    data-testid="delete-confirm"
                  >
                    Yes, delete "
                    <i>
                      Atty
                    </i>
                    "
                  </button>
                  <button
                    class="button"
                  >
                    Cancel
                  </button>
                </div>
              </article>
            </div>
            <button
              aria-label="close"
              class="modal-close is-large"
            />
          </div>
        </div>
      </ul>
    </div>
  </body>,
  "container": <div>
    <ul>
      <div>
        <li
          class="columns box"
        >
          <div
            class="column is-10"
          >
            <h4
              class="title is-5"
            >
              kamsi
            </h4>
            <p>
              passion, software, engineering, technology, worksfair
            </p>
          </div>
          <div
            class="column is-2"
          >
            <button
              class="button is-white"
            >
              <i
                class="fa fa-edit is-size-5 has-text-grey"
              />
            </button>
            <button
              class="button is-white"
            >
              <i
                class="fa fa-trash-o is-size-5 has-text-danger"
              />
            </button>
          </div>
        </li>
        <div
          class="modal null"
        >
          <div
            class="modal-background"
          />
          <div
            class="modal-content"
          >
            <article
              class="modal-card is-medium"
            >
              <div
                class="modal-card-head "
              >
                <p
                  class="modal-card-title"
                >
                  Deleting 
                  <b>
                    kamsi
                  </b>
                  ...
                </p>
                <button
                  aria-label="close"
                  class="delete is-medium"
                />
              </div>
              <div
                class="modal-card-body"
              >
                <p>
                  Are you sure you want to delete this content?
                </p>
              </div>
              <div
                class="modal-card-foot"
              >
                <button
                  class="button is-danger"
                  data-testid="delete-confirm"
                >
                  Yes, delete "
                  <i>
                    kamsi
                  </i>
                  "
                </button>
                <button
                  class="button"
                >
                  Cancel
                </button>
              </div>
            </article>
          </div>
          <button
            aria-label="close"
            class="modal-close is-large"
          />
        </div>
      </div>
      <div>
        <li
          class="columns box"
        >
          <div
            class="column is-10"
          >
            <h4
              class="title is-5"
            >
              Sissy
            </h4>
            <p>
              passion, software, engineering, technology, worksfair
            </p>
          </div>
          <div
            class="column is-2"
          >
            <button
              class="button is-white"
            >
              <i
                class="fa fa-edit is-size-5 has-text-grey"
              />
            </button>
            <button
              class="button is-white"
            >
              <i
                class="fa fa-trash-o is-size-5 has-text-danger"
              />
            </button>
          </div>
        </li>
        <div
          class="modal null"
        >
          <div
            class="modal-background"
          />
          <div
            class="modal-content"
          >
            <article
              class="modal-card is-medium"
            >
              <div
                class="modal-card-head "
              >
                <p
                  class="modal-card-title"
                >
                  Deleting 
                  <b>
                    Sissy
                  </b>
                  ...
                </p>
                <button
                  aria-label="close"
                  class="delete is-medium"
                />
              </div>
              <div
                class="modal-card-body"
              >
                <p>
                  Are you sure you want to delete this content?
                </p>
              </div>
              <div
                class="modal-card-foot"
              >
                <button
                  class="button is-danger"
                  data-testid="delete-confirm"
                >
                  Yes, delete "
                  <i>
                    Sissy
                  </i>
                  "
                </button>
                <button
                  class="button"
                >
                  Cancel
                </button>
              </div>
            </article>
          </div>
          <button
            aria-label="close"
            class="modal-close is-large"
          />
        </div>
      </div>
      <div>
        <li
          class="columns box"
        >
          <div
            class="column is-10"
          >
            <h4
              class="title is-5"
            >
              Atty
            </h4>
            <p>
              worksfair will pay for you
            </p>
          </div>
          <div
            class="column is-2"
          >
            <button
              class="button is-white"
            >
              <i
                class="fa fa-edit is-size-5 has-text-grey"
              />
            </button>
            <button
              class="button is-white"
            >
              <i
                class="fa fa-trash-o is-size-5 has-text-danger"
              />
            </button>
          </div>
        </li>
        <div
          class="modal null"
        >
          <div
            class="modal-background"
          />
          <div
            class="modal-content"
          >
            <article
              class="modal-card is-medium"
            >
              <div
                class="modal-card-head "
              >
                <p
                  class="modal-card-title"
                >
                  Deleting 
                  <b>
                    Atty
                  </b>
                  ...
                </p>
                <button
                  aria-label="close"
                  class="delete is-medium"
                />
              </div>
              <div
                class="modal-card-body"
              >
                <p>
                  Are you sure you want to delete this content?
                </p>
              </div>
              <div
                class="modal-card-foot"
              >
                <button
                  class="button is-danger"
                  data-testid="delete-confirm"
                >
                  Yes, delete "
                  <i>
                    Atty
                  </i>
                  "
                </button>
                <button
                  class="button"
                >
                  Cancel
                </button>
              </div>
            </article>
          </div>
          <button
            aria-label="close"
            class="modal-close is-large"
          />
        </div>
      </div>
    </ul>
  </div>,
  "debug": [Function],
  "findAllByAltText": [Function],
  "findAllByDisplayValue": [Function],
  "findAllByLabelText": [Function],
  "findAllByPlaceholderText": [Function],
  "findAllByRole": [Function],
  "findAllByTestId": [Function],
  "findAllByText": [Function],
  "findAllByTitle": [Function],
  "findByAltText": [Function],
  "findByDisplayValue": [Function],
  "findByLabelText": [Function],
  "findByPlaceholderText": [Function],
  "findByRole": [Function],
  "findByTestId": [Function],
  "findByText": [Function],
  "findByTitle": [Function],
  "getAllByAltText": [Function],
  "getAllByDisplayValue": [Function],
  "getAllByLabelText": [Function],
  "getAllByPlaceholderText": [Function],
  "getAllByRole": [Function],
  "getAllBySelectText": [Function],
  "getAllByTestId": [Function],
  "getAllByText": [Function],
  "getAllByTitle": [Function],
  "getAllByValue": [Function],
  "getByAltText": [Function],
  "getByDisplayValue": [Function],
  "getByLabelText": [Function],
  "getByPlaceholderText": [Function],
  "getByRole": [Function],
  "getBySelectText": [Function],
  "getByTestId": [Function],
  "getByText": [Function],
  "getByTitle": [Function],
  "getByValue": [Function],
  "queryAllByAltText": [Function],
  "queryAllByDisplayValue": [Function],
  "queryAllByLabelText": [Function],
  "queryAllByPlaceholderText": [Function],
  "queryAllByRole": [Function],
  "queryAllBySelectText": [Function],
  "queryAllByTestId": [Function],
  "queryAllByText": [Function],
  "queryAllByTitle": [Function],
  "queryAllByValue": [Function],
  "queryByAltText": [Function],
  "queryByDisplayValue": [Function],
  "queryByLabelText": [Function],
  "queryByPlaceholderText": [Function],
  "queryByRole": [Function],
  "queryBySelectText": [Function],
  "queryByTestId": [Function],
  "queryByText": [Function],
  "queryByTitle": [Function],
  "queryByValue": [Function],
  "rerender": [Function],
  "unmount": [Function],
}
`;
