// Jest Snapshot v1, https://goo.gl/fbAQLP

exports[`Test that the Footer displays 1`] = `
Object {
  "asFragment": [Function],
  "baseElement": <body>
    <div>
      <div
        class="App"
      >
        <div
          class=""
        />
        <header>
          <nav
            aria-label="main navigation"
            class="navbar"
            data-testid=""
            role="navigation"
          >
            <div
              class="navbar-brand"
            >
              <a
                class="navbar-item"
                href="/home"
              >
                <img
                  alt="logo"
                  height="28"
                  src="logo.png"
                  width="112"
                />
              </a>
              <a
                aria-expanded="false"
                aria-label="menu"
                class="navbar-burger burger"
                data-target="navbarBasicExample"
                href="/"
                role="button"
              >
                <span
                  aria-hidden="true"
                />
                <span
                  aria-hidden="true"
                />
                <span
                  aria-hidden="true"
                />
              </a>
            </div>
            <div
              class="navbar-menu"
            >
              <div
                class="navbar-end"
              >
                <div
                  class="navbar-item"
                >
                  <div
                    class="buttons"
                  >
                    <a
                      class="button is-white"
                      href="/login"
                    >
                      Log in
                    </a>
                    <a
                      class="button is-white"
                      href="/signup"
                    >
                      Sign up
                    </a>
                    <a
                      class="button is-link is-outlined is-rounded"
                      href="/description"
                    >
                      Add Your Business for Free
                    </a>
                  </div>
                </div>
              </div>
            </div>
          </nav>
        </header>
        <div
          class="main-search-container dark-overlay"
        >
          <div
            class="main-search-inner"
          >
            <div
              class="container"
            >
              <div
                class="columns"
              >
                <div
                  class="is-12"
                >
                  <h2>
                    Find Businesses and Services Near You.
                  </h2>
                  <h4>
                    Discover top-ranked businesses and services that are ready to serve your needs.
                  </h4>
                  <form>
                    <div
                      class="main-search-input"
                    >
                      <div
                        class="main-search-input-item"
                      >
                        <input
                          class="input"
                          name="keywords"
                          placeholder="What do you need?"
                          type="text"
                          value=""
                        />
                      </div>
                      <div
                        class="main-search-input-item location"
                      >
                        <input
                          class="input"
                          name="location"
                          placeholder="Which city or town?"
                          type="text"
                          value=""
                        />
                      </div>
                      <button
                        class="button is-info is-rounded"
                        disabled=""
                      >
                        Search
                      </button>
                    </div>
                  </form>
                </div>
              </div>
            </div>
          </div>
          <div
            class="video-container"
          >
            <video
              autoplay=""
              loop=""
              poster="main-search-video-poster.jpg"
            >
              <source
                src="main-search-video.mp4"
                type="video/mp4"
              />
            </video>
          </div>
        </div>
        <section
          class="hero is-fullheight"
        >
          <div
            class="hero-body"
            id="about"
          >
            <div
              class="container"
            >
              <div
                class="has-text-centered padding-15"
              >
                <h1
                  class="subtitle is-size-2 has-text-grey"
                >
                  How to Add Your Business to Worksfair
                </h1>
                <h5
                  class="subtitle is-size-5 has-text-grey"
                >
                  You will get a free website for your business upon completing the process
                </h5>
              </div>
              <div
                class="columns margin-top-25"
              >
                <div
                  class="column margin-right-20"
                >
                  <div
                    class="image-container"
                  >
                    <figure
                      class="image is-5by4"
                    >
                      <img
                        alt="add basic business info"
                        src="undraw_business_shop_qw5t.svg"
                      />
                    </figure>
                  </div>
                  <div
                    class="columns margin-top-10 is-mobile"
                  >
                    <div
                      class="column is-2 numbering"
                    >
                      1
                    </div>
                    <div
                      class="column instruction"
                    >
                      <p>
                        Provide 
                      </p>
                      your basic business Info
                    </div>
                  </div>
                </div>
                <div
                  class="column margin-right-20"
                >
                  <div
                    class="image-container"
                  >
                    <figure
                      class="image is-5by4"
                    >
                      <img
                        alt="add contact info"
                        src="undraw_address_udes.svg"
                      />
                    </figure>
                  </div>
                  <div
                    class="columns margin-top-10 is-mobile"
                  >
                    <div
                      class="column is-2 numbering"
                    >
                      2
                    </div>
                    <div
                      class="column instruction"
                    >
                      <p>
                        Provide 
                      </p>
                      your business contact info
                    </div>
                  </div>
                </div>
                <div
                  class="column"
                >
                  <div
                    class="image-container"
                  >
                    <figure
                      class="image is-5by4"
                    >
                      <img
                        alt="add gallery"
                        src="undraw_photo_sharing_1_85vy.svg"
                      />
                    </figure>
                  </div>
                  <div
                    class="columns margin-top-10 is-mobile"
                  >
                    <div
                      class="column is-2 numbering"
                    >
                      3
                    </div>
                    <div
                      class="column instruction"
                    >
                      <p>
                        Provide the
                      </p>
                      best pictures of your works
                    </div>
                  </div>
                </div>
              </div>
              <div
                class="columns padding-top-25"
              >
                <div
                  class="column is-1"
                />
                <div
                  class="column"
                >
                  <div
                    class="image-container padding-top-15"
                  >
                    <figure
                      class="image is-5by4"
                    >
                      <img
                        alt="add products/services"
                        src="undraw_clean_up_ucm0.svg"
                      />
                    </figure>
                  </div>
                  <div
                    class="columns margin-top-10 is-mobile"
                  >
                    <div
                      class="column is-2 numbering"
                    >
                      4
                    </div>
                    <div
                      class="column instruction"
                    >
                      <p>
                        Provide 
                      </p>
                      details of your 
                      <strong>
                        works
                      </strong>
                       with pics
                    </div>
                  </div>
                </div>
                <div
                  class="column is-1"
                />
                <div
                  class="column"
                >
                  <div
                    class="image-container padding-top-15"
                  >
                    <figure
                      class="image is-5by4"
                    >
                      <img
                        alt="completed"
                        src="undraw_done_a34v.svg"
                      />
                    </figure>
                  </div>
                  <div
                    class="columns margin-top-10 is-mobile"
                  >
                    <div
                      class="column is-2 numbering"
                    >
                      5
                    </div>
                    <div
                      class="column instruction"
                    >
                      <p>
                        Preview your webpage
                      </p>
                      <p>
                        Update the rest of the contents. 
                      </p>
                      Then copy and share the link with customers.
                    </div>
                  </div>
                </div>
                <div
                  class="column is-1"
                />
              </div>
            </div>
          </div>
        </section>
        <footer
          class="footer "
        >
          <div
            class="content has-text-centered"
          >
            Copyright 
            2019
             Worksfair. All Rights Reserved.
          </div>
        </footer>
        <div
          class="Toastify"
        />
      </div>
    </div>
  </body>,
  "container": <div>
    <div
      class="App"
    >
      <div
        class=""
      />
      <header>
        <nav
          aria-label="main navigation"
          class="navbar"
          data-testid=""
          role="navigation"
        >
          <div
            class="navbar-brand"
          >
            <a
              class="navbar-item"
              href="/home"
            >
              <img
                alt="logo"
                height="28"
                src="logo.png"
                width="112"
              />
            </a>
            <a
              aria-expanded="false"
              aria-label="menu"
              class="navbar-burger burger"
              data-target="navbarBasicExample"
              href="/"
              role="button"
            >
              <span
                aria-hidden="true"
              />
              <span
                aria-hidden="true"
              />
              <span
                aria-hidden="true"
              />
            </a>
          </div>
          <div
            class="navbar-menu"
          >
            <div
              class="navbar-end"
            >
              <div
                class="navbar-item"
              >
                <div
                  class="buttons"
                >
                  <a
                    class="button is-white"
                    href="/login"
                  >
                    Log in
                  </a>
                  <a
                    class="button is-white"
                    href="/signup"
                  >
                    Sign up
                  </a>
                  <a
                    class="button is-link is-outlined is-rounded"
                    href="/description"
                  >
                    Add Your Business for Free
                  </a>
                </div>
              </div>
            </div>
          </div>
        </nav>
      </header>
      <div
        class="main-search-container dark-overlay"
      >
        <div
          class="main-search-inner"
        >
          <div
            class="container"
          >
            <div
              class="columns"
            >
              <div
                class="is-12"
              >
                <h2>
                  Find Businesses and Services Near You.
                </h2>
                <h4>
                  Discover top-ranked businesses and services that are ready to serve your needs.
                </h4>
                <form>
                  <div
                    class="main-search-input"
                  >
                    <div
                      class="main-search-input-item"
                    >
                      <input
                        class="input"
                        name="keywords"
                        placeholder="What do you need?"
                        type="text"
                        value=""
                      />
                    </div>
                    <div
                      class="main-search-input-item location"
                    >
                      <input
                        class="input"
                        name="location"
                        placeholder="Which city or town?"
                        type="text"
                        value=""
                      />
                    </div>
                    <button
                      class="button is-info is-rounded"
                      disabled=""
                    >
                      Search
                    </button>
                  </div>
                </form>
              </div>
            </div>
          </div>
        </div>
        <div
          class="video-container"
        >
          <video
            autoplay=""
            loop=""
            poster="main-search-video-poster.jpg"
          >
            <source
              src="main-search-video.mp4"
              type="video/mp4"
            />
          </video>
        </div>
      </div>
      <section
        class="hero is-fullheight"
      >
        <div
          class="hero-body"
          id="about"
        >
          <div
            class="container"
          >
            <div
              class="has-text-centered padding-15"
            >
              <h1
                class="subtitle is-size-2 has-text-grey"
              >
                How to Add Your Business to Worksfair
              </h1>
              <h5
                class="subtitle is-size-5 has-text-grey"
              >
                You will get a free website for your business upon completing the process
              </h5>
            </div>
            <div
              class="columns margin-top-25"
            >
              <div
                class="column margin-right-20"
              >
                <div
                  class="image-container"
                >
                  <figure
                    class="image is-5by4"
                  >
                    <img
                      alt="add basic business info"
                      src="undraw_business_shop_qw5t.svg"
                    />
                  </figure>
                </div>
                <div
                  class="columns margin-top-10 is-mobile"
                >
                  <div
                    class="column is-2 numbering"
                  >
                    1
                  </div>
                  <div
                    class="column instruction"
                  >
                    <p>
                      Provide 
                    </p>
                    your basic business Info
                  </div>
                </div>
              </div>
              <div
                class="column margin-right-20"
              >
                <div
                  class="image-container"
                >
                  <figure
                    class="image is-5by4"
                  >
                    <img
                      alt="add contact info"
                      src="undraw_address_udes.svg"
                    />
                  </figure>
                </div>
                <div
                  class="columns margin-top-10 is-mobile"
                >
                  <div
                    class="column is-2 numbering"
                  >
                    2
                  </div>
                  <div
                    class="column instruction"
                  >
                    <p>
                      Provide 
                    </p>
                    your business contact info
                  </div>
                </div>
              </div>
              <div
                class="column"
              >
                <div
                  class="image-container"
                >
                  <figure
                    class="image is-5by4"
                  >
                    <img
                      alt="add gallery"
                      src="undraw_photo_sharing_1_85vy.svg"
                    />
                  </figure>
                </div>
                <div
                  class="columns margin-top-10 is-mobile"
                >
                  <div
                    class="column is-2 numbering"
                  >
                    3
                  </div>
                  <div
                    class="column instruction"
                  >
                    <p>
                      Provide the
                    </p>
                    best pictures of your works
                  </div>
                </div>
              </div>
            </div>
            <div
              class="columns padding-top-25"
            >
              <div
                class="column is-1"
              />
              <div
                class="column"
              >
                <div
                  class="image-container padding-top-15"
                >
                  <figure
                    class="image is-5by4"
                  >
                    <img
                      alt="add products/services"
                      src="undraw_clean_up_ucm0.svg"
                    />
                  </figure>
                </div>
                <div
                  class="columns margin-top-10 is-mobile"
                >
                  <div
                    class="column is-2 numbering"
                  >
                    4
                  </div>
                  <div
                    class="column instruction"
                  >
                    <p>
                      Provide 
                    </p>
                    details of your 
                    <strong>
                      works
                    </strong>
                     with pics
                  </div>
                </div>
              </div>
              <div
                class="column is-1"
              />
              <div
                class="column"
              >
                <div
                  class="image-container padding-top-15"
                >
                  <figure
                    class="image is-5by4"
                  >
                    <img
                      alt="completed"
                      src="undraw_done_a34v.svg"
                    />
                  </figure>
                </div>
                <div
                  class="columns margin-top-10 is-mobile"
                >
                  <div
                    class="column is-2 numbering"
                  >
                    5
                  </div>
                  <div
                    class="column instruction"
                  >
                    <p>
                      Preview your webpage
                    </p>
                    <p>
                      Update the rest of the contents. 
                    </p>
                    Then copy and share the link with customers.
                  </div>
                </div>
              </div>
              <div
                class="column is-1"
              />
            </div>
          </div>
        </div>
      </section>
      <footer
        class="footer "
      >
        <div
          class="content has-text-centered"
        >
          Copyright 
          2019
           Worksfair. All Rights Reserved.
        </div>
      </footer>
      <div
        class="Toastify"
      />
    </div>
  </div>,
  "debug": [Function],
  "findAllByAltText": [Function],
  "findAllByDisplayValue": [Function],
  "findAllByLabelText": [Function],
  "findAllByPlaceholderText": [Function],
  "findAllByRole": [Function],
  "findAllByTestId": [Function],
  "findAllByText": [Function],
  "findAllByTitle": [Function],
  "findByAltText": [Function],
  "findByDisplayValue": [Function],
  "findByLabelText": [Function],
  "findByPlaceholderText": [Function],
  "findByRole": [Function],
  "findByTestId": [Function],
  "findByText": [Function],
  "findByTitle": [Function],
  "getAllByAltText": [Function],
  "getAllByDisplayValue": [Function],
  "getAllByLabelText": [Function],
  "getAllByPlaceholderText": [Function],
  "getAllByRole": [Function],
  "getAllBySelectText": [Function],
  "getAllByTestId": [Function],
  "getAllByText": [Function],
  "getAllByTitle": [Function],
  "getAllByValue": [Function],
  "getByAltText": [Function],
  "getByDisplayValue": [Function],
  "getByLabelText": [Function],
  "getByPlaceholderText": [Function],
  "getByRole": [Function],
  "getBySelectText": [Function],
  "getByTestId": [Function],
  "getByText": [Function],
  "getByTitle": [Function],
  "getByValue": [Function],
  "queryAllByAltText": [Function],
  "queryAllByDisplayValue": [Function],
  "queryAllByLabelText": [Function],
  "queryAllByPlaceholderText": [Function],
  "queryAllByRole": [Function],
  "queryAllBySelectText": [Function],
  "queryAllByTestId": [Function],
  "queryAllByText": [Function],
  "queryAllByTitle": [Function],
  "queryAllByValue": [Function],
  "queryByAltText": [Function],
  "queryByDisplayValue": [Function],
  "queryByLabelText": [Function],
  "queryByPlaceholderText": [Function],
  "queryByRole": [Function],
  "queryBySelectText": [Function],
  "queryByTestId": [Function],
  "queryByText": [Function],
  "queryByTitle": [Function],
  "queryByValue": [Function],
  "rerender": [Function],
  "unmount": [Function],
}
`;
