// Jest Snapshot v1, https://goo.gl/fbAQLP

exports[`Offerings.jsx should should display form correctly 1`] = `
Object {
  "asFragment": [Function],
  "baseElement": <body>
    <div>
      <div>
        <div
          class="margin-bottom-25"
        >
          <ul />
        </div>
        <div
          class="columns box margin-bottom-25"
        >
          <div
            class="column is-one-third"
          >
            <div
              class="image-upload-box"
            >
              <img
                alt=""
                class="offering-image"
                src="dahehjsdsa.ocm"
              />
              <div
                class="change-image-btn"
              >
                <div
                  class="imageUpload"
                  tabindex="0"
                >
                  <span>
                    <i
                      class="fa fa-upload"
                    />
                     Upload Pic
                  </span>
                  <input
                    accept="image/*"
                    autocomplete="off"
                    style="display: none;"
                    tabindex="-1"
                    type="file"
                  />
                </div>
              </div>
            </div>
          </div>
          <div
            class="column"
          >
            <form>
              <div
                class="field"
              >
                <div
                  class="control"
                >
                  <input
                    class="input is-medium"
                    data-testid="offering-name"
                    name="title"
                    placeholder="Name of item"
                    type="text"
                    value=""
                  />
                </div>
              </div>
              <div
                class="field"
              >
                <div
                  class="control"
                >
                  <input
                    class="input is-medium"
                    data-testid="offering-description"
                    name="description"
                    placeholder="Describe this item"
                    type="text"
                    value=""
                  />
                </div>
              </div>
              <div
                class="field"
              >
                <div
                  class="control"
                >
                  <input
                    class="input is-medium"
                    data-testid="offering-price"
                    name="price"
                    placeholder="Price"
                    type="text"
                    value=""
                  />
                </div>
              </div>
              <div
                class="control buttons are-medium"
              >
                <button
                  class="button is-light"
                  data-testid="add-offering"
                  disabled=""
                  type="submit"
                >
                  Add Item
                </button>
                <button
                  class="button"
                  type="button"
                >
                  Reset
                </button>
              </div>
            </form>
          </div>
        </div>
        <div
          class="control"
        >
          <button
            class="button is-medium is-link is-outlined is-rounded"
            data-testid="save-and-preview"
            type="submit"
          >
            Preview Webpage
          </button>
        </div>
      </div>
    </div>
  </body>,
  "container": <div>
    <div>
      <div
        class="margin-bottom-25"
      >
        <ul />
      </div>
      <div
        class="columns box margin-bottom-25"
      >
        <div
          class="column is-one-third"
        >
          <div
            class="image-upload-box"
          >
            <img
              alt=""
              class="offering-image"
              src="dahehjsdsa.ocm"
            />
            <div
              class="change-image-btn"
            >
              <div
                class="imageUpload"
                tabindex="0"
              >
                <span>
                  <i
                    class="fa fa-upload"
                  />
                   Upload Pic
                </span>
                <input
                  accept="image/*"
                  autocomplete="off"
                  style="display: none;"
                  tabindex="-1"
                  type="file"
                />
              </div>
            </div>
          </div>
        </div>
        <div
          class="column"
        >
          <form>
            <div
              class="field"
            >
              <div
                class="control"
              >
                <input
                  class="input is-medium"
                  data-testid="offering-name"
                  name="title"
                  placeholder="Name of item"
                  type="text"
                  value=""
                />
              </div>
            </div>
            <div
              class="field"
            >
              <div
                class="control"
              >
                <input
                  class="input is-medium"
                  data-testid="offering-description"
                  name="description"
                  placeholder="Describe this item"
                  type="text"
                  value=""
                />
              </div>
            </div>
            <div
              class="field"
            >
              <div
                class="control"
              >
                <input
                  class="input is-medium"
                  data-testid="offering-price"
                  name="price"
                  placeholder="Price"
                  type="text"
                  value=""
                />
              </div>
            </div>
            <div
              class="control buttons are-medium"
            >
              <button
                class="button is-light"
                data-testid="add-offering"
                disabled=""
                type="submit"
              >
                Add Item
              </button>
              <button
                class="button"
                type="button"
              >
                Reset
              </button>
            </div>
          </form>
        </div>
      </div>
      <div
        class="control"
      >
        <button
          class="button is-medium is-link is-outlined is-rounded"
          data-testid="save-and-preview"
          type="submit"
        >
          Preview Webpage
        </button>
      </div>
    </div>
  </div>,
  "debug": [Function],
  "findAllByAltText": [Function],
  "findAllByDisplayValue": [Function],
  "findAllByLabelText": [Function],
  "findAllByPlaceholderText": [Function],
  "findAllByRole": [Function],
  "findAllByTestId": [Function],
  "findAllByText": [Function],
  "findAllByTitle": [Function],
  "findByAltText": [Function],
  "findByDisplayValue": [Function],
  "findByLabelText": [Function],
  "findByPlaceholderText": [Function],
  "findByRole": [Function],
  "findByTestId": [Function],
  "findByText": [Function],
  "findByTitle": [Function],
  "getAllByAltText": [Function],
  "getAllByDisplayValue": [Function],
  "getAllByLabelText": [Function],
  "getAllByPlaceholderText": [Function],
  "getAllByRole": [Function],
  "getAllBySelectText": [Function],
  "getAllByTestId": [Function],
  "getAllByText": [Function],
  "getAllByTitle": [Function],
  "getAllByValue": [Function],
  "getByAltText": [Function],
  "getByDisplayValue": [Function],
  "getByLabelText": [Function],
  "getByPlaceholderText": [Function],
  "getByRole": [Function],
  "getBySelectText": [Function],
  "getByTestId": [Function],
  "getByText": [Function],
  "getByTitle": [Function],
  "getByValue": [Function],
  "queryAllByAltText": [Function],
  "queryAllByDisplayValue": [Function],
  "queryAllByLabelText": [Function],
  "queryAllByPlaceholderText": [Function],
  "queryAllByRole": [Function],
  "queryAllBySelectText": [Function],
  "queryAllByTestId": [Function],
  "queryAllByText": [Function],
  "queryAllByTitle": [Function],
  "queryAllByValue": [Function],
  "queryByAltText": [Function],
  "queryByDisplayValue": [Function],
  "queryByLabelText": [Function],
  "queryByPlaceholderText": [Function],
  "queryByRole": [Function],
  "queryBySelectText": [Function],
  "queryByTestId": [Function],
  "queryByText": [Function],
  "queryByTitle": [Function],
  "queryByValue": [Function],
  "rerender": [Function],
  "unmount": [Function],
}
`;
