// Jest Snapshot v1, https://goo.gl/fbAQLP

exports[`OfferingItem.jsx that component renders correctly 1`] = `
Object {
  "asFragment": [Function],
  "baseElement": <body>
    <div>
      <div>
        <div
          class="columns card card-content"
        >
          <div
            class="column is-4"
          >
            <img
              alt=""
              class="offering-image"
              src="https://res.cloudinary.com/worksfair/image/upload/v1557767623/dev/Andela-VI_gfqg0d.jpg"
            />
          </div>
          <div
            class="column is-7"
          >
            <h4
              class="title is-5 has-text-grey-darker"
            >
              kamsi
            </h4>
            <p>
              passion, software, engineering, technology, worksfair
            </p>
          </div>
          <div
            class="column is-1"
          >
            <p>
              FREE
            </p>
          </div>
        </div>
        <div
          class="columns card card-content"
        >
          <div
            class="column is-4"
          >
            <img
              alt=""
              class="offering-image"
              src="https://res.cloudinary.com/worksfair/image/upload/v1557767623/dev/Andela-VI_gfqg0d.jpg"
            />
          </div>
          <div
            class="column is-7"
          >
            <h4
              class="title is-5 has-text-grey-darker"
            >
              Sissy
            </h4>
            <p>
              passion, software, engineering, technology, worksfair
            </p>
          </div>
          <div
            class="column is-1"
          >
            <p />
          </div>
        </div>
        <div
          class="columns card card-content"
        >
          <div
            class="column is-4"
          >
            <img
              alt=""
              class="offering-image"
              src="https://res.cloudinary.com/worksfair/image/upload/v1557767623/dev/Andela-VI_gfqg0d.jpg"
            />
          </div>
          <div
            class="column is-7"
          >
            <h4
              class="title is-5 has-text-grey-darker"
            >
              Atty
            </h4>
            <p>
              worksfair will pay for you
            </p>
          </div>
          <div
            class="column is-1"
          >
            <p>
              FREE
            </p>
          </div>
        </div>
        <div
          class="columns card card-content"
        >
          <div
            class="column is-4"
          >
            <img
              alt=""
              class="offering-image"
              src="https://res.cloudinary.com/worksfair/image/upload/v1557767623/dev/Andela-VI_gfqg0d.jpg"
            />
          </div>
          <div
            class="column is-7"
          >
            <h4
              class="title is-5 has-text-grey-darker"
            >
              Cheesy
            </h4>
            <p />
          </div>
          <div
            class="column is-1"
          >
            <p />
          </div>
        </div>
      </div>
    </div>
  </body>,
  "container": <div>
    <div>
      <div
        class="columns card card-content"
      >
        <div
          class="column is-4"
        >
          <img
            alt=""
            class="offering-image"
            src="https://res.cloudinary.com/worksfair/image/upload/v1557767623/dev/Andela-VI_gfqg0d.jpg"
          />
        </div>
        <div
          class="column is-7"
        >
          <h4
            class="title is-5 has-text-grey-darker"
          >
            kamsi
          </h4>
          <p>
            passion, software, engineering, technology, worksfair
          </p>
        </div>
        <div
          class="column is-1"
        >
          <p>
            FREE
          </p>
        </div>
      </div>
      <div
        class="columns card card-content"
      >
        <div
          class="column is-4"
        >
          <img
            alt=""
            class="offering-image"
            src="https://res.cloudinary.com/worksfair/image/upload/v1557767623/dev/Andela-VI_gfqg0d.jpg"
          />
        </div>
        <div
          class="column is-7"
        >
          <h4
            class="title is-5 has-text-grey-darker"
          >
            Sissy
          </h4>
          <p>
            passion, software, engineering, technology, worksfair
          </p>
        </div>
        <div
          class="column is-1"
        >
          <p />
        </div>
      </div>
      <div
        class="columns card card-content"
      >
        <div
          class="column is-4"
        >
          <img
            alt=""
            class="offering-image"
            src="https://res.cloudinary.com/worksfair/image/upload/v1557767623/dev/Andela-VI_gfqg0d.jpg"
          />
        </div>
        <div
          class="column is-7"
        >
          <h4
            class="title is-5 has-text-grey-darker"
          >
            Atty
          </h4>
          <p>
            worksfair will pay for you
          </p>
        </div>
        <div
          class="column is-1"
        >
          <p>
            FREE
          </p>
        </div>
      </div>
      <div
        class="columns card card-content"
      >
        <div
          class="column is-4"
        >
          <img
            alt=""
            class="offering-image"
            src="https://res.cloudinary.com/worksfair/image/upload/v1557767623/dev/Andela-VI_gfqg0d.jpg"
          />
        </div>
        <div
          class="column is-7"
        >
          <h4
            class="title is-5 has-text-grey-darker"
          >
            Cheesy
          </h4>
          <p />
        </div>
        <div
          class="column is-1"
        >
          <p />
        </div>
      </div>
    </div>
  </div>,
  "debug": [Function],
  "findAllByAltText": [Function],
  "findAllByDisplayValue": [Function],
  "findAllByLabelText": [Function],
  "findAllByPlaceholderText": [Function],
  "findAllByRole": [Function],
  "findAllByTestId": [Function],
  "findAllByText": [Function],
  "findAllByTitle": [Function],
  "findByAltText": [Function],
  "findByDisplayValue": [Function],
  "findByLabelText": [Function],
  "findByPlaceholderText": [Function],
  "findByRole": [Function],
  "findByTestId": [Function],
  "findByText": [Function],
  "findByTitle": [Function],
  "getAllByAltText": [Function],
  "getAllByDisplayValue": [Function],
  "getAllByLabelText": [Function],
  "getAllByPlaceholderText": [Function],
  "getAllByRole": [Function],
  "getAllBySelectText": [Function],
  "getAllByTestId": [Function],
  "getAllByText": [Function],
  "getAllByTitle": [Function],
  "getAllByValue": [Function],
  "getByAltText": [Function],
  "getByDisplayValue": [Function],
  "getByLabelText": [Function],
  "getByPlaceholderText": [Function],
  "getByRole": [Function],
  "getBySelectText": [Function],
  "getByTestId": [Function],
  "getByText": [Function],
  "getByTitle": [Function],
  "getByValue": [Function],
  "queryAllByAltText": [Function],
  "queryAllByDisplayValue": [Function],
  "queryAllByLabelText": [Function],
  "queryAllByPlaceholderText": [Function],
  "queryAllByRole": [Function],
  "queryAllBySelectText": [Function],
  "queryAllByTestId": [Function],
  "queryAllByText": [Function],
  "queryAllByTitle": [Function],
  "queryAllByValue": [Function],
  "queryByAltText": [Function],
  "queryByDisplayValue": [Function],
  "queryByLabelText": [Function],
  "queryByPlaceholderText": [Function],
  "queryByRole": [Function],
  "queryBySelectText": [Function],
  "queryByTestId": [Function],
  "queryByText": [Function],
  "queryByTitle": [Function],
  "queryByValue": [Function],
  "rerender": [Function],
  "unmount": [Function],
}
`;
