// Jest Snapshot v1, https://goo.gl/fbAQLP

exports[`Test that the UserNavItem displays 1`] = `
Object {
  "asFragment": [Function],
  "baseElement": <body>
    <div>
      <div
        class="user-menu"
      >
        <div
          class="user-name "
        >
          <span>
            <img
              alt="avatar"
              src="worksfair-avatar.png"
            />
          </span>
          eod okafor
        </div>
        <ul>
          <li>
            <a
              href="/dashboard/Theookafor2"
            >
              <i
                aria-hidden="true"
                class="fa fa-tachometer"
              />
              Dashboard
            </a>
          </li>
          <li>
            <a
              href="/logout"
            >
              <i
                aria-hidden="true"
                class="fa fa-power-off"
              />
              Logout
            </a>
          </li>
        </ul>
      </div>
    </div>
  </body>,
  "container": <div>
    <div
      class="user-menu"
    >
      <div
        class="user-name "
      >
        <span>
          <img
            alt="avatar"
            src="worksfair-avatar.png"
          />
        </span>
        eod okafor
      </div>
      <ul>
        <li>
          <a
            href="/dashboard/Theookafor2"
          >
            <i
              aria-hidden="true"
              class="fa fa-tachometer"
            />
            Dashboard
          </a>
        </li>
        <li>
          <a
            href="/logout"
          >
            <i
              aria-hidden="true"
              class="fa fa-power-off"
            />
            Logout
          </a>
        </li>
      </ul>
    </div>
  </div>,
  "debug": [Function],
  "findAllByAltText": [Function],
  "findAllByDisplayValue": [Function],
  "findAllByLabelText": [Function],
  "findAllByPlaceholderText": [Function],
  "findAllByRole": [Function],
  "findAllByTestId": [Function],
  "findAllByText": [Function],
  "findAllByTitle": [Function],
  "findByAltText": [Function],
  "findByDisplayValue": [Function],
  "findByLabelText": [Function],
  "findByPlaceholderText": [Function],
  "findByRole": [Function],
  "findByTestId": [Function],
  "findByText": [Function],
  "findByTitle": [Function],
  "getAllByAltText": [Function],
  "getAllByDisplayValue": [Function],
  "getAllByLabelText": [Function],
  "getAllByPlaceholderText": [Function],
  "getAllByRole": [Function],
  "getAllBySelectText": [Function],
  "getAllByTestId": [Function],
  "getAllByText": [Function],
  "getAllByTitle": [Function],
  "getAllByValue": [Function],
  "getByAltText": [Function],
  "getByDisplayValue": [Function],
  "getByLabelText": [Function],
  "getByPlaceholderText": [Function],
  "getByRole": [Function],
  "getBySelectText": [Function],
  "getByTestId": [Function],
  "getByText": [Function],
  "getByTitle": [Function],
  "getByValue": [Function],
  "queryAllByAltText": [Function],
  "queryAllByDisplayValue": [Function],
  "queryAllByLabelText": [Function],
  "queryAllByPlaceholderText": [Function],
  "queryAllByRole": [Function],
  "queryAllBySelectText": [Function],
  "queryAllByTestId": [Function],
  "queryAllByText": [Function],
  "queryAllByTitle": [Function],
  "queryAllByValue": [Function],
  "queryByAltText": [Function],
  "queryByDisplayValue": [Function],
  "queryByLabelText": [Function],
  "queryByPlaceholderText": [Function],
  "queryByRole": [Function],
  "queryBySelectText": [Function],
  "queryByTestId": [Function],
  "queryByText": [Function],
  "queryByTitle": [Function],
  "queryByValue": [Function],
  "rerender": [Function],
  "unmount": [Function],
}
`;
