// Jest Snapshot v1, https://goo.gl/fbAQLP

exports[`FeaturedImages.jsx that component renders correctly 1`] = `
Object {
  "asFragment": [Function],
  "baseElement": <body>
    <div>
      <div>
        <div
          class="drop-area"
        >
          <div
            class="dropzone"
            tabindex="0"
          >
            <input
              accept="image/*"
              autocomplete="off"
              multiple=""
              style="display: none;"
              tabindex="-1"
              type="file"
            />
            <p>
              Try dropping some pictures here, or click to select pictures to upload.
            </p>
          </div>
          <div
            class="columns is-multiline "
          >
            <div
              class="column is-one-quarter"
            >
              <div
                class="image-preview"
              >
                <img
                  alt="https://res.cloudinary.com/lbgcghcovyvtdbpih8ba.png"
                  src="http://res.cloudinary.com/worksfair/image/fetch/c_fit,f_auto,h_200,w_200/https://res.cloudinary.com/lbgcghcovyvtdbpih8ba.png"
                />
                <div
                  class="image-preview-overlay"
                >
                  <button
                    class="delete is-large is-pulled-right"
                    data-testid="delete-image"
                  />
                </div>
              </div>
            </div>
            <div
              class="column is-one-quarter"
            >
              <div
                class="image-preview"
              >
                <img
                  alt="https://res.cloudinary.com/lbgcghcovyvtdbpih8ba.png"
                  src="http://res.cloudinary.com/worksfair/image/fetch/c_fit,f_auto,h_200,w_200/https://res.cloudinary.com/lbgcghcovyvtdbpih8ba.png"
                />
                <div
                  class="image-preview-overlay"
                >
                  <button
                    class="delete is-large is-pulled-right"
                    data-testid="delete-image"
                  />
                </div>
              </div>
            </div>
          </div>
        </div>
        <div
          class="control"
        >
          <label
            class="checkbox"
          >
            <input
              name="set-background"
              type="checkbox"
            />
            Set the first picture as your website background image
          </label>
        </div>
        <div
          class="control"
        >
          <button
            class="button is-link is-medium is-rounded"
            data-testid="save-featured-images"
            disabled=""
            type="submit"
          >
            Save & Continue
          </button>
        </div>
      </div>
    </div>
  </body>,
  "container": <div>
    <div>
      <div
        class="drop-area"
      >
        <div
          class="dropzone"
          tabindex="0"
        >
          <input
            accept="image/*"
            autocomplete="off"
            multiple=""
            style="display: none;"
            tabindex="-1"
            type="file"
          />
          <p>
            Try dropping some pictures here, or click to select pictures to upload.
          </p>
        </div>
        <div
          class="columns is-multiline "
        >
          <div
            class="column is-one-quarter"
          >
            <div
              class="image-preview"
            >
              <img
                alt="https://res.cloudinary.com/lbgcghcovyvtdbpih8ba.png"
                src="http://res.cloudinary.com/worksfair/image/fetch/c_fit,f_auto,h_200,w_200/https://res.cloudinary.com/lbgcghcovyvtdbpih8ba.png"
              />
              <div
                class="image-preview-overlay"
              >
                <button
                  class="delete is-large is-pulled-right"
                  data-testid="delete-image"
                />
              </div>
            </div>
          </div>
          <div
            class="column is-one-quarter"
          >
            <div
              class="image-preview"
            >
              <img
                alt="https://res.cloudinary.com/lbgcghcovyvtdbpih8ba.png"
                src="http://res.cloudinary.com/worksfair/image/fetch/c_fit,f_auto,h_200,w_200/https://res.cloudinary.com/lbgcghcovyvtdbpih8ba.png"
              />
              <div
                class="image-preview-overlay"
              >
                <button
                  class="delete is-large is-pulled-right"
                  data-testid="delete-image"
                />
              </div>
            </div>
          </div>
        </div>
      </div>
      <div
        class="control"
      >
        <label
          class="checkbox"
        >
          <input
            name="set-background"
            type="checkbox"
          />
          Set the first picture as your website background image
        </label>
      </div>
      <div
        class="control"
      >
        <button
          class="button is-link is-medium is-rounded"
          data-testid="save-featured-images"
          disabled=""
          type="submit"
        >
          Save & Continue
        </button>
      </div>
    </div>
  </div>,
  "debug": [Function],
  "findAllByAltText": [Function],
  "findAllByDisplayValue": [Function],
  "findAllByLabelText": [Function],
  "findAllByPlaceholderText": [Function],
  "findAllByRole": [Function],
  "findAllByTestId": [Function],
  "findAllByText": [Function],
  "findAllByTitle": [Function],
  "findByAltText": [Function],
  "findByDisplayValue": [Function],
  "findByLabelText": [Function],
  "findByPlaceholderText": [Function],
  "findByRole": [Function],
  "findByTestId": [Function],
  "findByText": [Function],
  "findByTitle": [Function],
  "getAllByAltText": [Function],
  "getAllByDisplayValue": [Function],
  "getAllByLabelText": [Function],
  "getAllByPlaceholderText": [Function],
  "getAllByRole": [Function],
  "getAllBySelectText": [Function],
  "getAllByTestId": [Function],
  "getAllByText": [Function],
  "getAllByTitle": [Function],
  "getAllByValue": [Function],
  "getByAltText": [Function],
  "getByDisplayValue": [Function],
  "getByLabelText": [Function],
  "getByPlaceholderText": [Function],
  "getByRole": [Function],
  "getBySelectText": [Function],
  "getByTestId": [Function],
  "getByText": [Function],
  "getByTitle": [Function],
  "getByValue": [Function],
  "queryAllByAltText": [Function],
  "queryAllByDisplayValue": [Function],
  "queryAllByLabelText": [Function],
  "queryAllByPlaceholderText": [Function],
  "queryAllByRole": [Function],
  "queryAllBySelectText": [Function],
  "queryAllByTestId": [Function],
  "queryAllByText": [Function],
  "queryAllByTitle": [Function],
  "queryAllByValue": [Function],
  "queryByAltText": [Function],
  "queryByDisplayValue": [Function],
  "queryByLabelText": [Function],
  "queryByPlaceholderText": [Function],
  "queryByRole": [Function],
  "queryBySelectText": [Function],
  "queryByTestId": [Function],
  "queryByText": [Function],
  "queryByTitle": [Function],
  "queryByValue": [Function],
  "rerender": [Function],
  "unmount": [Function],
}
`;
