// Jest Snapshot v1, https://goo.gl/fbAQLP

exports[`CreateWebpage.jsx Should display the CreateWebpage Component 1`] = `
Object {
  "asFragment": [Function],
  "baseElement": <body>
    <div>
      <div
        class="add-webpage-section"
      >
        <div
          class="add-webpage-headline"
        >
          <h3
            class="add-webpage-header"
          >
            <i
              aria-hidden="true"
              class="fa fa-globe"
            />
            Basic Info
          </h3>
        </div>
        <div
          class="add-webpage-content"
        >
          <h5>
            Website Owner
          </h5>
          <div
            class="media"
          >
            <div
              class="media-left"
            >
              <figure
                class="image is-32x32"
              >
                <img
                  alt="avatar"
                  class="is-rounded"
                  src="worksfair-avatar.png"
                />
              </figure>
            </div>
            <div
              class="media-content"
            />
          </div>
          <div
            class="add-webpage-form"
          >
            <form>
              <div
                class="field"
              >
                <h5>
                  Business Name
                  <i
                    class="tip"
                  >
                    <div
                      class="tip-content"
                    >
                      Keep it short. It is also your Webpage title.
                    </div>
                  </i>
                </h5>
                <div
                  class="control"
                >
                  <input
                    class="input is-medium"
                    data-testid="business-name"
                    name="title"
                    type="text"
                    value=""
                  />
                </div>
              </div>
              <div
                class="field"
              >
                <h5>
                  Describe your business
                  <i
                    class="tip"
                  >
                    <div
                      class="tip-content"
                    >
                      Your customers will see this message on webpage.
                    </div>
                  </i>
                </h5>
                <div
                  class="control"
                >
                  <input
                    class="input is-medium"
                    data-testid="description"
                    name="description"
                    type="text"
                    value=""
                  />
                </div>
              </div>
              <div
                class="field"
              >
                <h5>
                  Keywords
                  <i
                    class="tip"
                  >
                    <div
                      class="tip-content"
                    >
                      Some search keywords relating to your business.It will help people to find your business.
                    </div>
                  </i>
                </h5>
                <div
                  class="control"
                >
                  <input
                    class="input is-medium"
                    data-testid="business-keywords"
                    name="keywords"
                    type="text"
                    value=""
                  />
                </div>
              </div>
              <div
                class="field"
              >
                <h5>
                  Colour
                  <i
                    class="tip"
                  >
                    <div
                      class="tip-content"
                    >
                      The colour theme for your webpage. the default is plain gray-scale
                    </div>
                  </i>
                </h5>
                <div
                  class="field"
                >
                  <div
                    class="control"
                  >
                    <div
                      class="select is-danger"
                    >
                      <select
                        name="colour"
                      >
                        <option>
                          Select Colour Theme
                        </option>
                        <option
                          value="is-danger"
                        >
                          ‚ù§Ô∏è Red
                        </option>
                        <option
                          value="is-primary"
                        >
                          üíö Green
                        </option>
                        <option
                          value="is-info"
                        >
                          üíô Blue
                        </option>
                        <option
                          value="is-warning"
                        >
                          üß° Orange
                        </option>
                        <option
                          value="is-dark"
                        >
                          üñ§ Black
                        </option>
                      </select>
                    </div>
                  </div>
                </div>
              </div>
              <div
                class="control"
              >
                <button
                  class="button is-danger is-medium is-rounded"
                  data-testid="create-webpage"
                  disabled=""
                  type="submit"
                >
                  Save
                </button>
              </div>
            </form>
          </div>
        </div>
      </div>
    </div>
  </body>,
  "container": <div>
    <div
      class="add-webpage-section"
    >
      <div
        class="add-webpage-headline"
      >
        <h3
          class="add-webpage-header"
        >
          <i
            aria-hidden="true"
            class="fa fa-globe"
          />
          Basic Info
        </h3>
      </div>
      <div
        class="add-webpage-content"
      >
        <h5>
          Website Owner
        </h5>
        <div
          class="media"
        >
          <div
            class="media-left"
          >
            <figure
              class="image is-32x32"
            >
              <img
                alt="avatar"
                class="is-rounded"
                src="worksfair-avatar.png"
              />
            </figure>
          </div>
          <div
            class="media-content"
          />
        </div>
        <div
          class="add-webpage-form"
        >
          <form>
            <div
              class="field"
            >
              <h5>
                Business Name
                <i
                  class="tip"
                >
                  <div
                    class="tip-content"
                  >
                    Keep it short. It is also your Webpage title.
                  </div>
                </i>
              </h5>
              <div
                class="control"
              >
                <input
                  class="input is-medium"
                  data-testid="business-name"
                  name="title"
                  type="text"
                  value=""
                />
              </div>
            </div>
            <div
              class="field"
            >
              <h5>
                Describe your business
                <i
                  class="tip"
                >
                  <div
                    class="tip-content"
                  >
                    Your customers will see this message on webpage.
                  </div>
                </i>
              </h5>
              <div
                class="control"
              >
                <input
                  class="input is-medium"
                  data-testid="description"
                  name="description"
                  type="text"
                  value=""
                />
              </div>
            </div>
            <div
              class="field"
            >
              <h5>
                Keywords
                <i
                  class="tip"
                >
                  <div
                    class="tip-content"
                  >
                    Some search keywords relating to your business.It will help people to find your business.
                  </div>
                </i>
              </h5>
              <div
                class="control"
              >
                <input
                  class="input is-medium"
                  data-testid="business-keywords"
                  name="keywords"
                  type="text"
                  value=""
                />
              </div>
            </div>
            <div
              class="field"
            >
              <h5>
                Colour
                <i
                  class="tip"
                >
                  <div
                    class="tip-content"
                  >
                    The colour theme for your webpage. the default is plain gray-scale
                  </div>
                </i>
              </h5>
              <div
                class="field"
              >
                <div
                  class="control"
                >
                  <div
                    class="select is-danger"
                  >
                    <select
                      name="colour"
                    >
                      <option>
                        Select Colour Theme
                      </option>
                      <option
                        value="is-danger"
                      >
                        ‚ù§Ô∏è Red
                      </option>
                      <option
                        value="is-primary"
                      >
                        üíö Green
                      </option>
                      <option
                        value="is-info"
                      >
                        üíô Blue
                      </option>
                      <option
                        value="is-warning"
                      >
                        üß° Orange
                      </option>
                      <option
                        value="is-dark"
                      >
                        üñ§ Black
                      </option>
                    </select>
                  </div>
                </div>
              </div>
            </div>
            <div
              class="control"
            >
              <button
                class="button is-danger is-medium is-rounded"
                data-testid="create-webpage"
                disabled=""
                type="submit"
              >
                Save
              </button>
            </div>
          </form>
        </div>
      </div>
    </div>
  </div>,
  "debug": [Function],
  "getAllByAltText": [Function],
  "getAllByDisplayValue": [Function],
  "getAllByLabelText": [Function],
  "getAllByPlaceholderText": [Function],
  "getAllByRole": [Function],
  "getAllBySelectText": [Function],
  "getAllByTestId": [Function],
  "getAllByText": [Function],
  "getAllByTitle": [Function],
  "getAllByValue": [Function],
  "getByAltText": [Function],
  "getByDisplayValue": [Function],
  "getByLabelText": [Function],
  "getByPlaceholderText": [Function],
  "getByRole": [Function],
  "getBySelectText": [Function],
  "getByTestId": [Function],
  "getByText": [Function],
  "getByTitle": [Function],
  "getByValue": [Function],
  "queryAllByAltText": [Function],
  "queryAllByDisplayValue": [Function],
  "queryAllByLabelText": [Function],
  "queryAllByPlaceholderText": [Function],
  "queryAllByRole": [Function],
  "queryAllBySelectText": [Function],
  "queryAllByTestId": [Function],
  "queryAllByText": [Function],
  "queryAllByTitle": [Function],
  "queryAllByValue": [Function],
  "queryByAltText": [Function],
  "queryByDisplayValue": [Function],
  "queryByLabelText": [Function],
  "queryByPlaceholderText": [Function],
  "queryByRole": [Function],
  "queryBySelectText": [Function],
  "queryByTestId": [Function],
  "queryByText": [Function],
  "queryByTitle": [Function],
  "queryByValue": [Function],
  "rerender": [Function],
  "unmount": [Function],
}
`;
