// Jest Snapshot v1, https://goo.gl/fbAQLP

exports[`ProfilePage.jsx Should display the ProfilePage Component 1`] = `
Object {
  "asFragment": [Function],
  "baseElement": <body>
    <div>
      <section
        class="section"
      >
        <div
          class="container margin-bottom-25"
        >
          <article
            class="columns"
          >
            <figure
              class="column is-2"
            >
              <p
                class="image is-150x150"
              >
                <img
                  alt="profile"
                  class="is-rounded"
                  src="worksfair-avatar1.png"
                />
              </p>
            </figure>
            <div
              class="column is-10"
            >
              <div
                class="content"
              >
                <p
                  class="is-size-4"
                >
                  <strong>
                    Theo Okafor 
                  </strong>
                  <small>
                     @
                    TheoOkafor
                  </small>
                </p>
                <p />
              </div>
            </div>
          </article>
        </div>
        <div
          class="container"
        >
          <div
            class="columns"
          >
            <div
              class="column is-4"
            >
              <div
                class="card"
              >
                <header
                  class="card-header"
                >
                  <p
                    class="card-header-title"
                  >
                    Contact
                  </p>
                </header>
                <div
                  class="card-content"
                >
                  <div
                    class="message is-warning"
                  >
                    <div
                      class="message-body"
                    >
                      <p
                        class="is-size-5"
                      >
                        No contact info to show
                      </p>
                      <p
                        class="is-size-7"
                      >
                        This user has not added any contact info yet
                      </p>
                    </div>
                  </div>
                </div>
                <footer
                  class="card-footer"
                />
              </div>
            </div>
            <div
              class="column is-8"
            >
              <div>
                <h3
                  class="is-size-4 margin-bottom-25"
                >
                  Theo
                  's Business
                </h3>
                <ul>
                  <li>
                    <div
                      class="columns box"
                    >
                      <div
                        class="column is-3"
                      >
                        <figure
                          class="image is-150x150"
                        >
                          <img
                            class="offering-image"
                            src="http://res.cloudinary.com/worksfair/image/fetch/f_auto/https://res.cloudinary.com/worksfair/image/upload/v1558455846/dev/achebe_jato7y.jpg"
                          />
                        </figure>
                      </div>
                      <div
                        class="column is-9"
                      >
                        <div
                          class="content"
                        >
                          <h3>
                            <a
                              class="has-text-info"
                              href="http://ideosynergy-ltd.worksfair.com"
                              rel="noopener noreferrer"
                              target="_blank"
                            >
                              Ideosynergy LTD.
                            </a>
                          </h3>
                          <p>
                            We make ideas come alive in your business and life
                          </p>
                          <p
                            class="is-size-6"
                          >
                            7, Ziks avenue, 
                            <strong>
                              Onitsha, Anambra 
                            </strong>
                          </p>
                        </div>
                        <div>
                          <h6
                            class="is-size-7"
                          >
                            <strong>
                              Added to Worksfair on:
                            </strong>
                            <span
                              class="has-text-black"
                            >
                               
                              Tue May 21 2019
                            </span>
                          </h6>
                        </div>
                      </div>
                    </div>
                  </li>
                </ul>
              </div>
            </div>
          </div>
        </div>
      </section>
      <footer
        class="footer "
      >
        <div
          class="content has-text-centered"
        >
          Copyright 
          2019
           Worksfair. All Rights Reserved.
        </div>
      </footer>
    </div>
  </body>,
  "container": <div>
    <section
      class="section"
    >
      <div
        class="container margin-bottom-25"
      >
        <article
          class="columns"
        >
          <figure
            class="column is-2"
          >
            <p
              class="image is-150x150"
            >
              <img
                alt="profile"
                class="is-rounded"
                src="worksfair-avatar1.png"
              />
            </p>
          </figure>
          <div
            class="column is-10"
          >
            <div
              class="content"
            >
              <p
                class="is-size-4"
              >
                <strong>
                  Theo Okafor 
                </strong>
                <small>
                   @
                  TheoOkafor
                </small>
              </p>
              <p />
            </div>
          </div>
        </article>
      </div>
      <div
        class="container"
      >
        <div
          class="columns"
        >
          <div
            class="column is-4"
          >
            <div
              class="card"
            >
              <header
                class="card-header"
              >
                <p
                  class="card-header-title"
                >
                  Contact
                </p>
              </header>
              <div
                class="card-content"
              >
                <div
                  class="message is-warning"
                >
                  <div
                    class="message-body"
                  >
                    <p
                      class="is-size-5"
                    >
                      No contact info to show
                    </p>
                    <p
                      class="is-size-7"
                    >
                      This user has not added any contact info yet
                    </p>
                  </div>
                </div>
              </div>
              <footer
                class="card-footer"
              />
            </div>
          </div>
          <div
            class="column is-8"
          >
            <div>
              <h3
                class="is-size-4 margin-bottom-25"
              >
                Theo
                's Business
              </h3>
              <ul>
                <li>
                  <div
                    class="columns box"
                  >
                    <div
                      class="column is-3"
                    >
                      <figure
                        class="image is-150x150"
                      >
                        <img
                          class="offering-image"
                          src="http://res.cloudinary.com/worksfair/image/fetch/f_auto/https://res.cloudinary.com/worksfair/image/upload/v1558455846/dev/achebe_jato7y.jpg"
                        />
                      </figure>
                    </div>
                    <div
                      class="column is-9"
                    >
                      <div
                        class="content"
                      >
                        <h3>
                          <a
                            class="has-text-info"
                            href="http://ideosynergy-ltd.worksfair.com"
                            rel="noopener noreferrer"
                            target="_blank"
                          >
                            Ideosynergy LTD.
                          </a>
                        </h3>
                        <p>
                          We make ideas come alive in your business and life
                        </p>
                        <p
                          class="is-size-6"
                        >
                          7, Ziks avenue, 
                          <strong>
                            Onitsha, Anambra 
                          </strong>
                        </p>
                      </div>
                      <div>
                        <h6
                          class="is-size-7"
                        >
                          <strong>
                            Added to Worksfair on:
                          </strong>
                          <span
                            class="has-text-black"
                          >
                             
                            Tue May 21 2019
                          </span>
                        </h6>
                      </div>
                    </div>
                  </div>
                </li>
              </ul>
            </div>
          </div>
        </div>
      </div>
    </section>
    <footer
      class="footer "
    >
      <div
        class="content has-text-centered"
      >
        Copyright 
        2019
         Worksfair. All Rights Reserved.
      </div>
    </footer>
  </div>,
  "debug": [Function],
  "findAllByAltText": [Function],
  "findAllByDisplayValue": [Function],
  "findAllByLabelText": [Function],
  "findAllByPlaceholderText": [Function],
  "findAllByRole": [Function],
  "findAllByTestId": [Function],
  "findAllByText": [Function],
  "findAllByTitle": [Function],
  "findByAltText": [Function],
  "findByDisplayValue": [Function],
  "findByLabelText": [Function],
  "findByPlaceholderText": [Function],
  "findByRole": [Function],
  "findByTestId": [Function],
  "findByText": [Function],
  "findByTitle": [Function],
  "getAllByAltText": [Function],
  "getAllByDisplayValue": [Function],
  "getAllByLabelText": [Function],
  "getAllByPlaceholderText": [Function],
  "getAllByRole": [Function],
  "getAllBySelectText": [Function],
  "getAllByTestId": [Function],
  "getAllByText": [Function],
  "getAllByTitle": [Function],
  "getAllByValue": [Function],
  "getByAltText": [Function],
  "getByDisplayValue": [Function],
  "getByLabelText": [Function],
  "getByPlaceholderText": [Function],
  "getByRole": [Function],
  "getBySelectText": [Function],
  "getByTestId": [Function],
  "getByText": [Function],
  "getByTitle": [Function],
  "getByValue": [Function],
  "queryAllByAltText": [Function],
  "queryAllByDisplayValue": [Function],
  "queryAllByLabelText": [Function],
  "queryAllByPlaceholderText": [Function],
  "queryAllByRole": [Function],
  "queryAllBySelectText": [Function],
  "queryAllByTestId": [Function],
  "queryAllByText": [Function],
  "queryAllByTitle": [Function],
  "queryAllByValue": [Function],
  "queryByAltText": [Function],
  "queryByDisplayValue": [Function],
  "queryByLabelText": [Function],
  "queryByPlaceholderText": [Function],
  "queryByRole": [Function],
  "queryBySelectText": [Function],
  "queryByTestId": [Function],
  "queryByText": [Function],
  "queryByTitle": [Function],
  "queryByValue": [Function],
  "rerender": [Function],
  "unmount": [Function],
}
`;
