// Jest Snapshot v1, https://goo.gl/fbAQLP

exports[`CreateWebpage.jsx Should display the CreateWebpage Component 1`] = `
Object {
  "asFragment": [Function],
  "baseElement": <body>
    <div>
      <div
        class="add-webpage-section"
      >
        <div
          class="add-webpage-headline"
        >
          <nav
            aria-label="pagination"
            class="pagination is-left"
            role="navigation"
          >
            <ul
              class="pagination-list"
            >
              <li>
                <a
                  aria-label="Basic Info"
                  class="pagination-link"
                  href="/dashboard/undefined/business/new/basic-info"
                >
                  <i
                    aria-hidden="true"
                    class="fa fa-globe"
                  />
                  Basic Info
                </a>
              </li>
              <li>
                <a
                  aria-label="Goto Contact Info"
                  class="pagination-link"
                  href="/dashboard/undefined/business/new/contact-info"
                >
                  <i
                    aria-hidden="true"
                    class="fa fa-address-card-o"
                  />
                  Contact Info
                </a>
              </li>
              <li>
                <a
                  aria-label="Goto Gallery"
                  class="pagination-link"
                  href="/dashboard/undefined/business/new/gallery"
                >
                  <i
                    aria-hidden="true"
                    class="fa fa-file-image-o"
                  />
                  Gallery
                </a>
              </li>
              <li>
                <a
                  aria-label="Goto Offerings"
                  class="pagination-link"
                  href="/dashboard/undefined/business/new/offerings"
                >
                  <i
                    aria-hidden="true"
                    class="fa fa-money"
                  />
                  Products/Services (Your Works)
                </a>
              </li>
            </ul>
          </nav>
        </div>
        <div
          class="add-webpage-content"
        />
      </div>
    </div>
  </body>,
  "container": <div>
    <div
      class="add-webpage-section"
    >
      <div
        class="add-webpage-headline"
      >
        <nav
          aria-label="pagination"
          class="pagination is-left"
          role="navigation"
        >
          <ul
            class="pagination-list"
          >
            <li>
              <a
                aria-label="Basic Info"
                class="pagination-link"
                href="/dashboard/undefined/business/new/basic-info"
              >
                <i
                  aria-hidden="true"
                  class="fa fa-globe"
                />
                Basic Info
              </a>
            </li>
            <li>
              <a
                aria-label="Goto Contact Info"
                class="pagination-link"
                href="/dashboard/undefined/business/new/contact-info"
              >
                <i
                  aria-hidden="true"
                  class="fa fa-address-card-o"
                />
                Contact Info
              </a>
            </li>
            <li>
              <a
                aria-label="Goto Gallery"
                class="pagination-link"
                href="/dashboard/undefined/business/new/gallery"
              >
                <i
                  aria-hidden="true"
                  class="fa fa-file-image-o"
                />
                Gallery
              </a>
            </li>
            <li>
              <a
                aria-label="Goto Offerings"
                class="pagination-link"
                href="/dashboard/undefined/business/new/offerings"
              >
                <i
                  aria-hidden="true"
                  class="fa fa-money"
                />
                Products/Services (Your Works)
              </a>
            </li>
          </ul>
        </nav>
      </div>
      <div
        class="add-webpage-content"
      />
    </div>
  </div>,
  "debug": [Function],
  "findAllByAltText": [Function],
  "findAllByDisplayValue": [Function],
  "findAllByLabelText": [Function],
  "findAllByPlaceholderText": [Function],
  "findAllByRole": [Function],
  "findAllByTestId": [Function],
  "findAllByText": [Function],
  "findAllByTitle": [Function],
  "findByAltText": [Function],
  "findByDisplayValue": [Function],
  "findByLabelText": [Function],
  "findByPlaceholderText": [Function],
  "findByRole": [Function],
  "findByTestId": [Function],
  "findByText": [Function],
  "findByTitle": [Function],
  "getAllByAltText": [Function],
  "getAllByDisplayValue": [Function],
  "getAllByLabelText": [Function],
  "getAllByPlaceholderText": [Function],
  "getAllByRole": [Function],
  "getAllBySelectText": [Function],
  "getAllByTestId": [Function],
  "getAllByText": [Function],
  "getAllByTitle": [Function],
  "getAllByValue": [Function],
  "getByAltText": [Function],
  "getByDisplayValue": [Function],
  "getByLabelText": [Function],
  "getByPlaceholderText": [Function],
  "getByRole": [Function],
  "getBySelectText": [Function],
  "getByTestId": [Function],
  "getByText": [Function],
  "getByTitle": [Function],
  "getByValue": [Function],
  "queryAllByAltText": [Function],
  "queryAllByDisplayValue": [Function],
  "queryAllByLabelText": [Function],
  "queryAllByPlaceholderText": [Function],
  "queryAllByRole": [Function],
  "queryAllBySelectText": [Function],
  "queryAllByTestId": [Function],
  "queryAllByText": [Function],
  "queryAllByTitle": [Function],
  "queryAllByValue": [Function],
  "queryByAltText": [Function],
  "queryByDisplayValue": [Function],
  "queryByLabelText": [Function],
  "queryByPlaceholderText": [Function],
  "queryByRole": [Function],
  "queryBySelectText": [Function],
  "queryByTestId": [Function],
  "queryByText": [Function],
  "queryByTitle": [Function],
  "queryByValue": [Function],
  "rerender": [Function],
  "unmount": [Function],
}
`;
