// Jest Snapshot v1, https://goo.gl/fbAQLP

exports[`ListWebpages.jsx Should display the ListWebpages Component 1`] = `
Object {
  "asFragment": [Function],
  "baseElement": <body>
    <div>
      <div>
        <div
          class="tabs is-boxed"
        >
          <ul>
            <li
              class="is-active"
            >
              <a
                href="/dashboard/TheoOkafor/businesses"
              >
                Active Businesses (
                1
                )
              </a>
            </li>
          </ul>
        </div>
        <div>
          <ul>
            <li>
              <div
                class="columns box"
              >
                <div
                  class="column is-3"
                >
                  <figure
                    class="image is-180x180"
                  >
                    <img
                      class="offering-image"
                      src="http://res.cloudinary.com/worksfair/image/fetch/f_auto/https://res.cloudinary.com/worksfair/image/upload/v1558455846/dev/achebe_jato7y.jpg"
                    />
                  </figure>
                </div>
                <div
                  class="column is-7"
                >
                  <div
                    class="content"
                  >
                    <h3>
                      <a
                        class="has-text-info"
                        href="http://ideosynergy-ltd.worksfair.com"
                        rel="noopener noreferrer"
                        target="_blank"
                      >
                        Ideosynergy LTD.
                      </a>
                    </h3>
                    <span>
                      7, Ziks avenue, Onitsha, Anambra
                    </span>
                  </div>
                  <div>
                    <h6
                      class="is-size-7"
                    >
                      <strong>
                        Day Created:
                      </strong>
                      <span
                        class="has-text-black"
                      >
                         
                        Tue May 21 2019
                      </span>
                    </h6>
                    <h6
                      class="is-size-7"
                    >
                      <strong>
                        Due For Update:
                      </strong>
                      <span
                        class="has-text-warning"
                      >
                         
                        Invalid Date
                      </span>
                    </h6>
                  </div>
                </div>
                <div
                  class="column is-2 is-mobile"
                >
                  <a
                    class="button is-white"
                    href="/dashboard/TheoOkafor/business/edit/ideosynergy-ltd"
                  >
                    <i
                      class="fa fa-edit is-size-5 has-text-grey"
                    />
                  </a>
                </div>
              </div>
            </li>
          </ul>
        </div>
      </div>
    </div>
  </body>,
  "container": <div>
    <div>
      <div
        class="tabs is-boxed"
      >
        <ul>
          <li
            class="is-active"
          >
            <a
              href="/dashboard/TheoOkafor/businesses"
            >
              Active Businesses (
              1
              )
            </a>
          </li>
        </ul>
      </div>
      <div>
        <ul>
          <li>
            <div
              class="columns box"
            >
              <div
                class="column is-3"
              >
                <figure
                  class="image is-180x180"
                >
                  <img
                    class="offering-image"
                    src="http://res.cloudinary.com/worksfair/image/fetch/f_auto/https://res.cloudinary.com/worksfair/image/upload/v1558455846/dev/achebe_jato7y.jpg"
                  />
                </figure>
              </div>
              <div
                class="column is-7"
              >
                <div
                  class="content"
                >
                  <h3>
                    <a
                      class="has-text-info"
                      href="http://ideosynergy-ltd.worksfair.com"
                      rel="noopener noreferrer"
                      target="_blank"
                    >
                      Ideosynergy LTD.
                    </a>
                  </h3>
                  <span>
                    7, Ziks avenue, Onitsha, Anambra
                  </span>
                </div>
                <div>
                  <h6
                    class="is-size-7"
                  >
                    <strong>
                      Day Created:
                    </strong>
                    <span
                      class="has-text-black"
                    >
                       
                      Tue May 21 2019
                    </span>
                  </h6>
                  <h6
                    class="is-size-7"
                  >
                    <strong>
                      Due For Update:
                    </strong>
                    <span
                      class="has-text-warning"
                    >
                       
                      Invalid Date
                    </span>
                  </h6>
                </div>
              </div>
              <div
                class="column is-2 is-mobile"
              >
                <a
                  class="button is-white"
                  href="/dashboard/TheoOkafor/business/edit/ideosynergy-ltd"
                >
                  <i
                    class="fa fa-edit is-size-5 has-text-grey"
                  />
                </a>
              </div>
            </div>
          </li>
        </ul>
      </div>
    </div>
  </div>,
  "debug": [Function],
  "findAllByAltText": [Function],
  "findAllByDisplayValue": [Function],
  "findAllByLabelText": [Function],
  "findAllByPlaceholderText": [Function],
  "findAllByRole": [Function],
  "findAllByTestId": [Function],
  "findAllByText": [Function],
  "findAllByTitle": [Function],
  "findByAltText": [Function],
  "findByDisplayValue": [Function],
  "findByLabelText": [Function],
  "findByPlaceholderText": [Function],
  "findByRole": [Function],
  "findByTestId": [Function],
  "findByText": [Function],
  "findByTitle": [Function],
  "getAllByAltText": [Function],
  "getAllByDisplayValue": [Function],
  "getAllByLabelText": [Function],
  "getAllByPlaceholderText": [Function],
  "getAllByRole": [Function],
  "getAllBySelectText": [Function],
  "getAllByTestId": [Function],
  "getAllByText": [Function],
  "getAllByTitle": [Function],
  "getAllByValue": [Function],
  "getByAltText": [Function],
  "getByDisplayValue": [Function],
  "getByLabelText": [Function],
  "getByPlaceholderText": [Function],
  "getByRole": [Function],
  "getBySelectText": [Function],
  "getByTestId": [Function],
  "getByText": [Function],
  "getByTitle": [Function],
  "getByValue": [Function],
  "queryAllByAltText": [Function],
  "queryAllByDisplayValue": [Function],
  "queryAllByLabelText": [Function],
  "queryAllByPlaceholderText": [Function],
  "queryAllByRole": [Function],
  "queryAllBySelectText": [Function],
  "queryAllByTestId": [Function],
  "queryAllByText": [Function],
  "queryAllByTitle": [Function],
  "queryAllByValue": [Function],
  "queryByAltText": [Function],
  "queryByDisplayValue": [Function],
  "queryByLabelText": [Function],
  "queryByPlaceholderText": [Function],
  "queryByRole": [Function],
  "queryBySelectText": [Function],
  "queryByTestId": [Function],
  "queryByText": [Function],
  "queryByTitle": [Function],
  "queryByValue": [Function],
  "rerender": [Function],
  "unmount": [Function],
}
`;
